// Jest Snapshot v1, https://goo.gl/fbAQLP

exports[`works 1`] = `
"<!DOCTYPE html>
<html>
  <head>
    <meta charset=\\"utf-8\\">
    <title>Webpack App</title>
  <meta name=\\"viewport\\" content=\\"width=device-width, initial-scale=1\\"></head>
  <body>
  <script src=\\"bundle.js\\"></script></body>
</html>"
`;
